// Jest Snapshot v1, https://goo.gl/fbAQLP

exports[`should render App correctly 1`] = `
<div
  className="layout-container"
>
  <div
    className="layout-uppper"
  >
    <div
      className="nav-container"
    >
      <div
        className="nav-burger"
      >
        <span />
        <span />
        <span />
      </div>
      <div
        className="nav-location"
      >
        <div
          className="nav-location-name"
        >
          myENV
        </div>
        <div
          className="nav-location-dropdown"
        >
          <span>
            Current Location
          </span>
          <span
            className="icon-arrow"
          />
        </div>
      </div>
      <div
        className="nav-notification"
      />
    </div>
    <div
      className="weatherStatus-wrapper"
    >
      <div
        className="weatherStatus-container"
      >
        <div
          className="weatherStatus-icon"
        />
        <div
          className="weatherStatus-info"
        >
          <div
            className="status-text"
          >
            Cloudy
          </div>
          <div
            className="status-info"
          >
            <span
              className="status-temperature"
            >
              29.9 C
            </span>
            <span
              className="status-humidity"
            >
              73%
            </span>
          </div>
        </div>
      </div>
    </div>
    <div
      className="weatherParams-wrapper"
    >
      <div
        className="weatherParams-item"
      >
        <div
          className="title"
        >
          PSI
        </div>
        <div
          className="content bg-numb"
        >
          23
        </div>
        <div
          className="extra"
        >
          Good
        </div>
      </div>
      <div
        className="weatherParams-item"
      >
        <div
          className="title"
        >
          RAIN
        </div>
        <div
          className="content normal-numb"
        >
          0
        </div>
        <div
          className="extra"
        >
          mm
        </div>
      </div>
      <div
        className="weatherParams-item"
      >
        <div
          className="title"
        >
          DENGUE
        </div>
        <div
          className="content circle-shape"
        />
        <div
          className="extra"
        />
      </div>
      <div
        className="weatherParams-item"
      >
        <div
          className="add-icon"
        />
        <div
          className="add-text"
        >
          Add
        </div>
      </div>
    </div>
  </div>
  <div
    className="chart-container"
    onScroll={[Function]}
  >
    <div
      className="chart-title"
    >
      <span
        className="blue-title"
      >
        Tide
      </span>
      <span
        className="orange-title"
      >
        Sunrise & Sunset
      </span>
    </div>
    <canvas
      className="chart-canvas"
    />
    <img
      alt="sun"
      className="img-sun"
      src="sun.svg"
    />
    <span
      className="time-text"
    >
      6:00 am
    </span>
    <div
      className="day-text"
    >
      Day 
      1
    </div>
  </div>
</div>
`;
