// Jest Snapshot v1, https://goo.gl/fbAQLP

exports[`should render WeatherParams correctly 1`] = `
<div
  className="weatherParams-wrapper"
>
  <div
    className="weatherParams-item"
  >
    <div
      className="title"
    >
      PSI
    </div>
    <div
      className="content bg-numb"
    >
      23
    </div>
    <div
      className="extra"
    >
      Good
    </div>
  </div>
  <div
    className="weatherParams-item"
  >
    <div
      className="title"
    >
      RAIN
    </div>
    <div
      className="content normal-numb"
    >
      0
    </div>
    <div
      className="extra"
    >
      mm
    </div>
  </div>
  <div
    className="weatherParams-item"
  >
    <div
      className="title"
    >
      DENGUE
    </div>
    <div
      className="content circle-shape"
    />
    <div
      className="extra"
    />
  </div>
  <div
    className="weatherParams-item"
  >
    <div
      className="add-icon"
    />
    <div
      className="add-text"
    >
      Add
    </div>
  </div>
</div>
`;
